// Jest Snapshot v1, https://goo.gl/fbAQLP

exports[`Check Posts Post data should not be empty 1`] = `
Object {
  "asFragment": [Function],
  "baseElement": <body>
    <div>
      <div
        class="cardWrapper"
        data-testid="cardWrapper"
      >
        <div>
          <div
            class="sc-gsDKAQ jXUbYa"
            data-testid="storyCard"
          >
            <div
              class="sc-dkPtRN hdqfTR"
              style="height: 330px;"
            >
              <img
                alt="Entertainment"
                data-testid="storyImage"
                height="200"
                src="/images/entertainment.jpg"
                width="300"
              />
              <div
                class="cardBody"
              >
                <h2
                  class="cardTitle"
                >
                  Entertainment
                </h2>
                <div
                  class="cardFooter"
                >
                  <button
                    class="sc-bdvvtL eYaKZQ storybook-button--medium storybook-button--secondary storybook-button--undefined"
                    data-testid="storyButton"
                    style="background-color: rgb(233, 76, 91); color: rgb(255, 255, 255);"
                    type="button"
                  >
                    Delete
                  </button>
                </div>
              </div>
            </div>
          </div>
        </div>
      </div>
    </div>
  </body>,
  "container": <div>
    <div
      class="cardWrapper"
      data-testid="cardWrapper"
    >
      <div>
        <div
          class="sc-gsDKAQ jXUbYa"
          data-testid="storyCard"
        >
          <div
            class="sc-dkPtRN hdqfTR"
            style="height: 330px;"
          >
            <img
              alt="Entertainment"
              data-testid="storyImage"
              height="200"
              src="/images/entertainment.jpg"
              width="300"
            />
            <div
              class="cardBody"
            >
              <h2
                class="cardTitle"
              >
                Entertainment
              </h2>
              <div
                class="cardFooter"
              >
                <button
                  class="sc-bdvvtL eYaKZQ storybook-button--medium storybook-button--secondary storybook-button--undefined"
                  data-testid="storyButton"
                  style="background-color: rgb(233, 76, 91); color: rgb(255, 255, 255);"
                  type="button"
                >
                  Delete
                </button>
              </div>
            </div>
          </div>
        </div>
      </div>
    </div>
  </div>,
  "debug": [Function],
  "findAllByAltText": [Function],
  "findAllByDisplayValue": [Function],
  "findAllByLabelText": [Function],
  "findAllByPlaceholderText": [Function],
  "findAllByRole": [Function],
  "findAllByTestId": [Function],
  "findAllByText": [Function],
  "findAllByTitle": [Function],
  "findByAltText": [Function],
  "findByDisplayValue": [Function],
  "findByLabelText": [Function],
  "findByPlaceholderText": [Function],
  "findByRole": [Function],
  "findByTestId": [Function],
  "findByText": [Function],
  "findByTitle": [Function],
  "getAllByAltText": [Function],
  "getAllByDisplayValue": [Function],
  "getAllByLabelText": [Function],
  "getAllByPlaceholderText": [Function],
  "getAllByRole": [Function],
  "getAllByTestId": [Function],
  "getAllByText": [Function],
  "getAllByTitle": [Function],
  "getByAltText": [Function],
  "getByDisplayValue": [Function],
  "getByLabelText": [Function],
  "getByPlaceholderText": [Function],
  "getByRole": [Function],
  "getByTestId": [Function],
  "getByText": [Function],
  "getByTitle": [Function],
  "queryAllByAltText": [Function],
  "queryAllByDisplayValue": [Function],
  "queryAllByLabelText": [Function],
  "queryAllByPlaceholderText": [Function],
  "queryAllByRole": [Function],
  "queryAllByTestId": [Function],
  "queryAllByText": [Function],
  "queryAllByTitle": [Function],
  "queryByAltText": [Function],
  "queryByDisplayValue": [Function],
  "queryByLabelText": [Function],
  "queryByPlaceholderText": [Function],
  "queryByRole": [Function],
  "queryByTestId": [Function],
  "queryByText": [Function],
  "queryByTitle": [Function],
  "rerender": [Function],
  "unmount": [Function],
}
`;
